

  AirdropBonus Contract
    ÔêÜ Should deploy contracts correctly
    ÔêÜ Should set referrer correctly
    ÔêÜ Should distribute airdrop to Gold rank (3 levels)
    ÔêÜ Should distribute airdrop to Ruby rank (10 levels)

  Full BitTON Integration: Staking + Airdrop

=== FULL BITTON FLOW TEST ===

Ô£ô Referral chain built: buyer ÔåÆ upline1 ÔåÆ upline2 ÔåÆ upline3 (all Ruby rank)
Ô£ô Buyer staked 5000 BTN
Ô£ô Airdrop distributed: Upline1=50.0 BTN, Upline2=50.0 BTN, Upline3=50.0 BTN
Ô£ô After 7 days: Buyer's pending staking reward = 699.754757 BTN
Ô£ô Upline1 staked their 50 BTN airdrop bonus
Ô£ô Lock period enforced (135 days required)
Ô£ô After 135 days: Buyer unstaked and received 18495.253785 BTN (principal + rewards)

=== ALL FLOWS WORKING PERFECTLY ===

    ÔêÜ FULL FLOW: User stakes ÔåÆ Airdrop distributes ÔåÆ Uplines earn ÔåÆ Weekly claims work
    ÔêÜ Should handle multi-tier ranks correctly (Bronze vs Diamond)

  StakingRewards Contract
    ÔêÜ Should deploy with correct initial values
    ÔêÜ Should allow admin to update reward rate
    ÔêÜ Should allow admin to whitelist tokens
    ÔêÜ Should allow user to stake tokens
    ÔêÜ Should calculate rewards with per-second precision
    ÔêÜ Should only allow claims on designated day (Monday)
    ÔêÜ Should prevent unstaking before lock period ends
    ÔêÜ Should allow unstaking after lock period


  14 passing (1s)

